===== generate_slab_data.py exit=0 =====
{
  "model": "two-copy Hall-compensated lattice Weyl slab (B-even implementation)",
  "Lx": 22,
  "Nky": 64,
  "Nkz": 36,
  "mu0": 0.7,
  "T": 0.05,
  "q": 0.17453292519943295,
  "n0": 1.0186105692522918,
  "n0p": 0.07737942706032008,
  "n2": 0.05051069780573876,
  "mu2_fit": -0.6527665030908956,
  "mu2_chain": -0.652766500407968,
  "mu2_relerr": 4.11008760359266e-09,
  "K2mu_re": -0.001676425627644303,
  "K2mu_im": 2.6439317574837584e-05,
  "K2n_re": 0.003906709040343724,
  "K2n_im": 2.7040268007720402e-05,
  "K2chain_re": 0.003906709011109644,
  "K2chain_im": 2.7040268773346958e-05,
  "K2_relerr": 7.485431762398155e-09,
  "max_vertex": 1.1038627990074341e-13,
  "max_left": 3.383236332131664e-17,
  "max_right": 3.426597767462979e-17
}

===== generate_torus_data.py exit=0 =====
{'max_vertex': 4.6697727500355304e-14, 'max_left': 4.033363233002315e-17, 'max_right': 3.991984696266706e-17}

===== generate_landau_data.py exit=0 =====
{
  "model": "lattice-derived Fermi-surface patches and dynamic forward vertex",
  "patches": 48,
  "U1_projection_residual": 1.1368683772161603e-13,
  "U1_eigenvalue_residual": 8.881784197001252e-16,
  "relative_two_mode_leakage": 0.05557401532732848,
  "two_mode_matrix_re": [
    [
      0.7851201819505977,
      2.46838094318196e-05
    ],
    [
      2.46838094318472e-05,
      0.4306021529288811
    ]
  ],
  "leading_eigenvalues": [
    0.787984949521058,
    0.43173923896355826,
    0.12546135968415628,
    0.12389358124895446,
    0.08482075080095573,
    0.04059953327368005,
    0.00020189423608106267,
    0.0001460601372386713
  ],
  "leading_charge_overlap": [
    0.9960385805135012,
    7.179418942908136e-08,
    0.0006130016709405707,
    0.0005341686065090611,
    1.522819659707337e-06,
    0.0027961463136304612,
    3.2094758130828057e-06,
    1.5919186946649444e-06
  ],
  "leading_axial_overlap": [
    2.5949437543614767e-08,
    0.9968649326187506,
    1.6761998383630237e-07,
    4.4216898270767425e-05,
    0.0024866305848676804,
    1.963770389046255e-07,
    1.520130260232871e-07,
    1.8106689936496066e-07
  ],
  "nonabelian_covariance_residual": 1.790180836524724e-15,
  "nonabelian_energy_residual": 6.556898606395034e-15
}

Convergence tables reconstructed from four-field intercept fits.
